Info: Start Nativelink Simulation process

========= EDA Simulation Settings =====================

Sim Mode              :  Gate
Family                :  cycloneivgx
Quartus root          :  c:/altera/13.1/quartus/bin64/
Quartus sim root      :  c:/altera/13.1/quartus/eda/sim_lib
Simulation Tool       :  modelsim-altera
Simulation Language   :  systemverilog
Simulation Mode       :  GUI
Sim Output File       :  PipelineMips.svo
Sim SDF file          :  PipelineMips__verilog.sdo
Sim dir               :  simulation\modelsim

=======================================================

Info: Starting NativeLink simulation with ModelSim-Altera software
Sourced NativeLink script c:/altera/13.1/quartus/common/tcl/internal/nativelink/modelsim.tcl
Warning: File PipelineMips_run_msim_gate_systemverilog.do already exists - backing up current file as PipelineMips_run_msim_gate_systemverilog.do.bak11
Probing transcript
ModelSim-Altera Info: # Reading C:/altera/13.1/modelsim_ase/tcl/vsim/pref.tcl 
ModelSim-Altera Info: # do PipelineMips_run_msim_gate_systemverilog.do 
ModelSim-Altera Info: # if {[file exists gate_work]} {
ModelSim-Altera Info: # 	vdel -lib gate_work -all
ModelSim-Altera Info: # }
ModelSim-Altera Info: # vlib gate_work
ModelSim-Altera Info: # vmap work gate_work
ModelSim-Altera Info: # Copying C:\altera\13.1\modelsim_ase\win32aloem/../modelsim.ini to modelsim.ini
ModelSim-Altera Info: # Modifying modelsim.ini
ModelSim-Altera Warning: # ** Warning: Copied C:\altera\13.1\modelsim_ase\win32aloem/../modelsim.ini to modelsim.ini.
ModelSim-Altera Info: #          Updated modelsim.ini.
ModelSim-Altera Info: # 
ModelSim-Altera Info: # vlog -sv -work work +incdir+. {PipelineMips.svo}
ModelSim-Altera Info: # Model Technology ModelSim ALTERA vlog 10.1d Compiler 2012.11 Nov  2 2012
ModelSim-Altera Info: # -- Compiling module PipelineMips
ModelSim-Altera Info: # 
ModelSim-Altera Info: # Top level modules:
ModelSim-Altera Info: # 	PipelineMips
ModelSim-Altera Info: # 
ModelSim-Altera Info: # vlog -sv -work work +incdir+C:/altera/13.1/PipelineMips {C:/altera/13.1/PipelineMips/TestPipelineMips.sv}
ModelSim-Altera Info: # Model Technology ModelSim ALTERA vlog 10.1d Compiler 2012.11 Nov  2 2012
ModelSim-Altera Info: # -- Compiling module TestPipelineMips
ModelSim-Altera Info: # 
ModelSim-Altera Info: # Top level modules:
ModelSim-Altera Info: # 	TestPipelineMips
ModelSim-Altera Info: # 
ModelSim-Altera Info: # vsim -t 1ps +transport_int_delays +transport_path_delays -L altera_mf_ver -L altera_ver -L lpm_ver -L sgate_ver -L cycloneiv_hssi_ver -L cycloneiv_pcie_hip_ver -L cycloneiv_ver -L gate_work -L work -voptargs="+acc"  TestPipelineMips
ModelSim-Altera Info: # vsim +transport_int_delays +transport_path_delays -L altera_mf_ver -L altera_ver -L lpm_ver -L sgate_ver -L cycloneiv_hssi_ver -L cycloneiv_pcie_hip_ver -L cycloneiv_ver -L gate_work -L work -voptargs=\"+acc\" -t 1ps TestPipelineMips 
ModelSim-Altera Info: # Loading sv_std.std
ModelSim-Altera Info: # Loading work.TestPipelineMips
ModelSim-Altera Info: # Loading work.PipelineMips
ModelSim-Altera Info: # Loading cycloneiv_ver.cycloneiv_io_obuf
ModelSim-Altera Info: # Loading cycloneiv_ver.cycloneiv_io_ibuf
ModelSim-Altera Info: # Loading cycloneiv_ver.cycloneiv_clkctrl
ModelSim-Altera Info: # Loading cycloneiv_ver.cycloneiv_mux41
ModelSim-Altera Info: # Loading cycloneiv_ver.cycloneiv_ena_reg
ModelSim-Altera Info: # Loading cycloneiv_ver.cycloneiv_lcell_comb
ModelSim-Altera Info: # Loading altera_ver.dffeas
ModelSim-Altera Info: # Loading cycloneiv_ver.cycloneiv_ram_block
ModelSim-Altera Info: # Loading cycloneiv_ver.cycloneiv_ram_register
ModelSim-Altera Info: # Loading cycloneiv_ver.cycloneiv_ram_pulse_generator
ModelSim-Altera Info: # SDF 10.1d Compiler 2012.11 Nov  2 2012
ModelSim-Altera Info: # 
ModelSim-Altera Info: # Loading instances from PipelineMips_v.sdo
ModelSim-Altera Info: # Loading altera_ver.PRIM_GDFF_LOW
ModelSim-Altera Warning: # ** Warning: Design size of 2 instances exceeds ModelSim ALTERA recommended capacity.
ModelSim-Altera Info: # This may because you are loading cell libraries which are not recommended with
ModelSim-Altera Info: # the ModelSim Altera version. Expect performance to be adversely affected.
ModelSim-Altera Info: # Loading timing data from PipelineMips_v.sdo
ModelSim-Altera Info: # ** Note: (vsim-3587) SDF Backannotation Successfully Completed.
ModelSim-Altera Info: #    Time: 0 ps  Iteration: 0  Instance: /TestPipelineMips File: C:/altera/13.1/PipelineMips/TestPipelineMips.sv
ModelSim-Altera Info: # 
ModelSim-Altera Info: # add wave *
ModelSim-Altera Warning: # ** Warning: (vsim-WLF-5000) WLF file currently in use: vsim.wlf
ModelSim-Altera Info: # 
ModelSim-Altera Info: #           File in use by: ACER1  Hostname: LAPTOP-0A8LG1PG  ProcessID: 17916
ModelSim-Altera Info: # 
ModelSim-Altera Info: #           Attempting to use alternate WLF file "./wlftx8f20j".
ModelSim-Altera Warning: # ** Warning: (vsim-WLF-5001) Could not open WLF file: vsim.wlf
ModelSim-Altera Info: # 
ModelSim-Altera Info: #           Using alternate file: ./wlftx8f20j
ModelSim-Altera Info: # 
ModelSim-Altera Info: # view structure
ModelSim-Altera Info: # .main_pane.structure.interior.cs.body.struct
ModelSim-Altera Info: # view signals
ModelSim-Altera Info: # .main_pane.objects.interior.cs.body.tree
ModelSim-Altera Info: # run -all
ModelSim-Altera Info: # SMA_result =         590	alu_result =        260
ModelSim-Altera Info: # SMA_result =         731	alu_result =        264
ModelSim-Altera Info: # SMA_result =         742	alu_result =        268
ModelSim-Altera Info: # SMA_result =         669	alu_result =        272
ModelSim-Altera Info: # SMA_result =         679	alu_result =        276
ModelSim-Altera Info: # SMA_result =         662	alu_result =        280
ModelSim-Altera Info: # SMA_result =         604	alu_result =        284
ModelSim-Altera Info: # SMA_result =         598	alu_result =        288
ModelSim-Altera Info: # SMA_result =         534	alu_result =        292
ModelSim-Altera Info: # SMA_result =         543	alu_result =        296
ModelSim-Altera Info: # SMA_result =         490	alu_result =        300
ModelSim-Altera Info: # SMA_result =         488	alu_result =        304
ModelSim-Altera Info: # SMA_result =         440	alu_result =        308
ModelSim-Altera Info: # SMA_result =         289	alu_result =        312
ModelSim-Altera Info: # SMA_result =         104	alu_result =        316
ModelSim-Altera Info: # SMA_result =         -99	alu_result =        320
ModelSim-Altera Info: # SMA_result =        -244	alu_result =        324
ModelSim-Altera Info: # SMA_result =        -465	alu_result =        328
ModelSim-Altera Info: # SMA_result =        -487	alu_result =        332
ModelSim-Altera Info: # SMA_result =        -440	alu_result =        336
ModelSim-Altera Info: # SMA_result =        -423	alu_result =        340
ModelSim-Altera Info: # SMA_result =         -82	alu_result =        344
ModelSim-Altera Info: # SMA_result =          68	alu_result =        348
ModelSim-Altera Info: # SMA_result =         133	alu_result =        352
ModelSim-Altera Info: # SMA_result =         210	alu_result =        356
ModelSim-Altera Info: # SMA_result =         227	alu_result =        360
ModelSim-Altera Info: # SMA_result =         181	alu_result =        364
ModelSim-Altera Info: # SMA_result =        -129	alu_result =        368
ModelSim-Altera Info: # SMA_result =        -409	alu_result =        372
ModelSim-Altera Info: # SMA_result =        -909	alu_result =        376
ModelSim-Altera Info: # SMA_result =       -1013	alu_result =        380
ModelSim-Altera Info: # SMA_result =       -1095	alu_result =        384
ModelSim-Altera Info: # SMA_result =       -1091	alu_result =        388
ModelSim-Altera Info: # SMA_result =        -941	alu_result =        392
ModelSim-Altera Info: # SMA_result =        -793	alu_result =        396
ModelSim-Altera Info: # SMA_result =        -483	alu_result =        400
ModelSim-Altera Info: # SMA_result =        -155	alu_result =        404
ModelSim-Altera Info: # SMA_result =         345	alu_result =        408
ModelSim-Altera Info: # SMA_result =         504	alu_result =        412
ModelSim-Altera Info: # SMA_result =         646	alu_result =        416
ModelSim-Altera Info: # SMA_result =         709	alu_result =        420
ModelSim-Altera Info: # SMA_result =         675	alu_result =        424
ModelSim-Altera Info: # SMA_result =         466	alu_result =        428
ModelSim-Altera Info: # SMA_result =         405	alu_result =        432
ModelSim-Altera Info: # SMA_result =         242	alu_result =        436
ModelSim-Altera Info: # SMA_result =          32	alu_result =        440
ModelSim-Altera Info: # SMA_result =         -43	alu_result =        444
ModelSim-Altera Info: # SMA_result =        -202	alu_result =        448
ModelSim-Altera Info: # SMA_result =        -255	alu_result =        452
ModelSim-Altera Info: # SMA_result =        -205	alu_result =        456
ModelSim-Altera Info: # SMA_result =           3	alu_result =        460
ModelSim-Altera Info: # SMA_result =         114	alu_result =        464
ModelSim-Altera Info: # SMA_result =         450	alu_result =        468
ModelSim-Altera Info: # SMA_result =         471	alu_result =        472
ModelSim-Altera Info: # SMA_result =         588	alu_result =        476
ModelSim-Altera Info: # SMA_result =         712	alu_result =        480
ModelSim-Altera Info: # SMA_result =         704	alu_result =        484
ModelSim-Altera Info: # SMA_result =         565	alu_result =        488
ModelSim-Altera Info: # SMA_result =         551	alu_result =        492
ModelSim-Altera Info: # SMA_result =         532	alu_result =        496
ModelSim-Altera Info: # SMA_result =         375	alu_result =        500
ModelSim-Altera Info: # SMA_result =         398	alu_result =        504
ModelSim-Altera Info: # SMA_result =         361	alu_result =        508
ModelSim-Altera Info: # SMA_result =         445	alu_result =        512
ModelSim-Altera Info: # SMA_result =         521	alu_result =        516
ModelSim-Altera Info: # SMA_result =         659	alu_result =        520
ModelSim-Altera Info: # SMA_result =         652	alu_result =        524
ModelSim-Altera Info: # SMA_result =         628	alu_result =        528
ModelSim-Altera Info: # SMA_result =         597	alu_result =        532
ModelSim-Altera Info: # SMA_result =         574	alu_result =        536
ModelSim-Altera Info: # SMA_result =         544	alu_result =        540
ModelSim-Altera Info: # SMA_result =         498	alu_result =        544
ModelSim-Altera Info: # SMA_result =         435	alu_result =        548
ModelSim-Altera Info: # SMA_result =         348	alu_result =        552
ModelSim-Altera Info: # SMA_result =         251	alu_result =        556
ModelSim-Altera Info: # SMA_result =         125	alu_result =        560
ModelSim-Altera Info: # SMA_result =           3	alu_result =        564
ModelSim-Altera Info: # SMA_result =        -113	alu_result =        568
ModelSim-Altera Info: # SMA_result =        -221	alu_result =        572
ModelSim-Altera Info: # SMA_result =        -267	alu_result =        576
ModelSim-Altera Info: # SMA_result =        -272	alu_result =        580
ModelSim-Altera Info: # SMA_result =        -243	alu_result =        584
ModelSim-Altera Info: # SMA_result =        -186	alu_result =        588
ModelSim-Altera Info: # SMA_result =        -100	alu_result =        592
ModelSim-Altera Info: # SMA_result =         -16	alu_result =        596
ModelSim-Altera Info: # SMA_result =          23	alu_result =        600
ModelSim-Altera Info: # SMA_result =          24	alu_result =        604
ModelSim-Altera Info: # SMA_result =         -79	alu_result =        608
ModelSim-Altera Info: # SMA_result =        -214	alu_result =        612
ModelSim-Altera Info: # SMA_result =        -368	alu_result =        616
ModelSim-Altera Info: # SMA_result =        -530	alu_result =        620
ModelSim-Altera Info: # SMA_result =        -676	alu_result =        624
ModelSim-Altera Info: # SMA_result =        -798	alu_result =        628
ModelSim-Altera Info: # SMA_result =        -842	alu_result =        632
ModelSim-Altera Info: # SMA_result =        -810	alu_result =        636
ModelSim-Altera Info: # SMA_result =        -654	alu_result =        640
ModelSim-Altera Info: # SMA_result =        -464	alu_result =        644
ModelSim-Altera Info: # SMA_result =        -246	alu_result =        648
ModelSim-Altera Info: # SMA_result =         -21	alu_result =        652
ModelSim-Altera Info: # SMA_result =         181	alu_result =        656
ModelSim-Altera Info: # SMA_result =         338	alu_result =        660
ModelSim-Altera Info: # SMA_result =         449	alu_result =        664
ModelSim-Altera Info: # SMA_result =         499	alu_result =        668
ModelSim-Altera Info: # SMA_result =         459	alu_result =        672
ModelSim-Altera Info: # SMA_result =         391	alu_result =        676
ModelSim-Altera Info: # SMA_result =         285	alu_result =        680
ModelSim-Altera Info: # SMA_result =         165	alu_result =        684
ModelSim-Altera Info: # SMA_result =          55	alu_result =        688
ModelSim-Altera Info: # SMA_result =          -3	alu_result =        692
ModelSim-Altera Info: # SMA_result =         -40	alu_result =        696
ModelSim-Altera Info: # SMA_result =         -14	alu_result =        700
ModelSim-Altera Info: # SMA_result =          41	alu_result =        704
ModelSim-Altera Info: # SMA_result =         120	alu_result =        708
ModelSim-Altera Info: # SMA_result =         234	alu_result =        712
ModelSim-Altera Info: # SMA_result =         354	alu_result =        716
ModelSim-Altera Info: # Break in Module TestPipelineMips at C:/altera/13.1/PipelineMips/TestPipelineMips.sv line 74
ModelSim-Altera Info: # Simulation Breakpoint: Break in Module TestPipelineMips at C:/altera/13.1/PipelineMips/TestPipelineMips.sv line 74
ModelSim-Altera Info: # MACRO ./PipelineMips_run_msim_gate_systemverilog.do PAUSED at line 17
Info: NativeLink simulation flow was successful
